{"engine_role": "baseline", "event": "paired_prefix_run_start", "pair_index": 1, "pair_order": ["baseline", "candidate"], "sequence_index": 1}
{"engine_role": "baseline", "event": "paired_prefix_run_complete", "pair_index": 1, "sequence_index": 1}
{"engine_role": "candidate", "event": "paired_prefix_run_start", "pair_index": 1, "pair_order": ["baseline", "candidate"], "sequence_index": 2}
{"engine_role": "candidate", "event": "paired_prefix_run_complete", "pair_index": 1, "sequence_index": 2}
{"engine_role": "candidate", "event": "paired_prefix_run_start", "pair_index": 2, "pair_order": ["candidate", "baseline"], "sequence_index": 3}
{"engine_role": "candidate", "event": "paired_prefix_run_complete", "pair_index": 2, "sequence_index": 3}
{"engine_role": "baseline", "event": "paired_prefix_run_start", "pair_index": 2, "pair_order": ["candidate", "baseline"], "sequence_index": 4}
{"engine_role": "baseline", "event": "paired_prefix_run_complete", "pair_index": 2, "sequence_index": 4}
{"engine_role": "baseline", "event": "paired_prefix_run_start", "pair_index": 3, "pair_order": ["baseline", "candidate"], "sequence_index": 5}
{"engine_role": "baseline", "event": "paired_prefix_run_complete", "pair_index": 3, "sequence_index": 5}
{"engine_role": "candidate", "event": "paired_prefix_run_start", "pair_index": 3, "pair_order": ["baseline", "candidate"], "sequence_index": 6}
{"engine_role": "candidate", "event": "paired_prefix_run_complete", "pair_index": 3, "sequence_index": 6}
{"engine_role": "candidate", "event": "paired_prefix_run_start", "pair_index": 4, "pair_order": ["candidate", "baseline"], "sequence_index": 7}
{"engine_role": "candidate", "event": "paired_prefix_run_complete", "pair_index": 4, "sequence_index": 7}
{"engine_role": "baseline", "event": "paired_prefix_run_start", "pair_index": 4, "pair_order": ["candidate", "baseline"], "sequence_index": 8}
{"engine_role": "baseline", "event": "paired_prefix_run_complete", "pair_index": 4, "sequence_index": 8}
{"engine_role": "baseline", "event": "paired_prefix_run_start", "pair_index": 5, "pair_order": ["baseline", "candidate"], "sequence_index": 9}
{"engine_role": "baseline", "event": "paired_prefix_run_complete", "pair_index": 5, "sequence_index": 9}
{"engine_role": "candidate", "event": "paired_prefix_run_start", "pair_index": 5, "pair_order": ["baseline", "candidate"], "sequence_index": 10}
{"engine_role": "candidate", "event": "paired_prefix_run_complete", "pair_index": 5, "sequence_index": 10}
{"engine_role": "candidate", "event": "paired_prefix_run_start", "pair_index": 6, "pair_order": ["candidate", "baseline"], "sequence_index": 11}
{"engine_role": "candidate", "event": "paired_prefix_run_complete", "pair_index": 6, "sequence_index": 11}
{"engine_role": "baseline", "event": "paired_prefix_run_start", "pair_index": 6, "pair_order": ["candidate", "baseline"], "sequence_index": 12}
{"engine_role": "baseline", "event": "paired_prefix_run_complete", "pair_index": 6, "sequence_index": 12}
{"engine_role": "baseline", "event": "paired_prefix_run_start", "pair_index": 7, "pair_order": ["baseline", "candidate"], "sequence_index": 13}
{"engine_role": "baseline", "event": "paired_prefix_run_complete", "pair_index": 7, "sequence_index": 13}
{"engine_role": "candidate", "event": "paired_prefix_run_start", "pair_index": 7, "pair_order": ["baseline", "candidate"], "sequence_index": 14}
{"engine_role": "candidate", "event": "paired_prefix_run_complete", "pair_index": 7, "sequence_index": 14}
{"engine_role": "candidate", "event": "paired_prefix_run_start", "pair_index": 8, "pair_order": ["candidate", "baseline"], "sequence_index": 15}
{"engine_role": "candidate", "event": "paired_prefix_run_complete", "pair_index": 8, "sequence_index": 15}
{"engine_role": "baseline", "event": "paired_prefix_run_start", "pair_index": 8, "pair_order": ["candidate", "baseline"], "sequence_index": 16}
{"engine_role": "baseline", "event": "paired_prefix_run_complete", "pair_index": 8, "sequence_index": 16}
{"engine_role": "baseline", "event": "paired_prefix_run_start", "pair_index": 9, "pair_order": ["baseline", "candidate"], "sequence_index": 17}
{"engine_role": "baseline", "event": "paired_prefix_run_complete", "pair_index": 9, "sequence_index": 17}
{"engine_role": "candidate", "event": "paired_prefix_run_start", "pair_index": 9, "pair_order": ["baseline", "candidate"], "sequence_index": 18}
{"engine_role": "candidate", "event": "paired_prefix_run_complete", "pair_index": 9, "sequence_index": 18}
{"engine_role": "candidate", "event": "paired_prefix_run_start", "pair_index": 10, "pair_order": ["candidate", "baseline"], "sequence_index": 19}
{"engine_role": "candidate", "event": "paired_prefix_run_complete", "pair_index": 10, "sequence_index": 19}
{"engine_role": "baseline", "event": "paired_prefix_run_start", "pair_index": 10, "pair_order": ["candidate", "baseline"], "sequence_index": 20}
{"engine_role": "baseline", "event": "paired_prefix_run_complete", "pair_index": 10, "sequence_index": 20}
{"engine_role": "baseline", "event": "paired_prefix_run_start", "pair_index": 11, "pair_order": ["baseline", "candidate"], "sequence_index": 21}
{"engine_role": "baseline", "event": "paired_prefix_run_complete", "pair_index": 11, "sequence_index": 21}
{"engine_role": "candidate", "event": "paired_prefix_run_start", "pair_index": 11, "pair_order": ["baseline", "candidate"], "sequence_index": 22}
{"engine_role": "candidate", "event": "paired_prefix_run_complete", "pair_index": 11, "sequence_index": 22}
{"engine_role": "candidate", "event": "paired_prefix_run_start", "pair_index": 12, "pair_order": ["candidate", "baseline"], "sequence_index": 23}
{"engine_role": "candidate", "event": "paired_prefix_run_complete", "pair_index": 12, "sequence_index": 23}
{"engine_role": "baseline", "event": "paired_prefix_run_start", "pair_index": 12, "pair_order": ["candidate", "baseline"], "sequence_index": 24}
{"engine_role": "baseline", "event": "paired_prefix_run_complete", "pair_index": 12, "sequence_index": 24}
{"event": "server_run_start", "run_index": 1, "with_chat": true}
{"command_to_ready_wall_ms": 33618.243524, "event": "server_run_complete", "run_index": 1}
{"event": "server_run_start", "run_index": 2, "with_chat": false}
{"command_to_ready_wall_ms": 33493.364405, "event": "server_run_complete", "run_index": 2}
{"event": "server_run_start", "run_index": 3, "with_chat": false}
{"command_to_ready_wall_ms": 33373.248363, "event": "server_run_complete", "run_index": 3}
{"complete": true, "output": "${AIMA_OUTPUT_DIR}/surfaces.json", "qualified": true}
