{"context_tokens": 1024, "engine_role": "baseline", "event": "paired_matrix_run_start", "output_tokens": [512, 1024], "pair_index": 1, "pair_order": ["baseline", "candidate"], "sequence_index": 1}
{"context_tokens": 1024, "engine_role": "baseline", "event": "paired_matrix_run_complete", "output_tokens": [512, 1024], "pair_index": 1, "sequence_index": 1}
{"context_tokens": 1024, "engine_role": "candidate", "event": "paired_matrix_run_start", "output_tokens": [512, 1024], "pair_index": 1, "pair_order": ["baseline", "candidate"], "sequence_index": 2}
{"context_tokens": 1024, "engine_role": "candidate", "event": "paired_matrix_run_complete", "output_tokens": [512, 1024], "pair_index": 1, "sequence_index": 2}
{"context_tokens": 1024, "engine_role": "candidate", "event": "paired_matrix_run_start", "output_tokens": [512, 1024], "pair_index": 2, "pair_order": ["candidate", "baseline"], "sequence_index": 3}
{"context_tokens": 1024, "engine_role": "candidate", "event": "paired_matrix_run_complete", "output_tokens": [512, 1024], "pair_index": 2, "sequence_index": 3}
{"context_tokens": 1024, "engine_role": "baseline", "event": "paired_matrix_run_start", "output_tokens": [512, 1024], "pair_index": 2, "pair_order": ["candidate", "baseline"], "sequence_index": 4}
{"context_tokens": 1024, "engine_role": "baseline", "event": "paired_matrix_run_complete", "output_tokens": [512, 1024], "pair_index": 2, "sequence_index": 4}
{"context_tokens": 1024, "engine_role": "baseline", "event": "paired_matrix_run_start", "output_tokens": [512, 1024], "pair_index": 3, "pair_order": ["baseline", "candidate"], "sequence_index": 5}
{"context_tokens": 1024, "engine_role": "baseline", "event": "paired_matrix_run_complete", "output_tokens": [512, 1024], "pair_index": 3, "sequence_index": 5}
{"context_tokens": 1024, "engine_role": "candidate", "event": "paired_matrix_run_start", "output_tokens": [512, 1024], "pair_index": 3, "pair_order": ["baseline", "candidate"], "sequence_index": 6}
{"context_tokens": 1024, "engine_role": "candidate", "event": "paired_matrix_run_complete", "output_tokens": [512, 1024], "pair_index": 3, "sequence_index": 6}
{"context_tokens": 1024, "engine_role": "candidate", "event": "paired_matrix_run_start", "output_tokens": [512, 1024], "pair_index": 4, "pair_order": ["candidate", "baseline"], "sequence_index": 7}
{"context_tokens": 1024, "engine_role": "candidate", "event": "paired_matrix_run_complete", "output_tokens": [512, 1024], "pair_index": 4, "sequence_index": 7}
{"context_tokens": 1024, "engine_role": "baseline", "event": "paired_matrix_run_start", "output_tokens": [512, 1024], "pair_index": 4, "pair_order": ["candidate", "baseline"], "sequence_index": 8}
{"context_tokens": 1024, "engine_role": "baseline", "event": "paired_matrix_run_complete", "output_tokens": [512, 1024], "pair_index": 4, "sequence_index": 8}
{"context_tokens": 1024, "engine_role": "baseline", "event": "paired_matrix_run_start", "output_tokens": [512, 1024], "pair_index": 5, "pair_order": ["baseline", "candidate"], "sequence_index": 9}
{"context_tokens": 1024, "engine_role": "baseline", "event": "paired_matrix_run_complete", "output_tokens": [512, 1024], "pair_index": 5, "sequence_index": 9}
{"context_tokens": 1024, "engine_role": "candidate", "event": "paired_matrix_run_start", "output_tokens": [512, 1024], "pair_index": 5, "pair_order": ["baseline", "candidate"], "sequence_index": 10}
{"context_tokens": 1024, "engine_role": "candidate", "event": "paired_matrix_run_complete", "output_tokens": [512, 1024], "pair_index": 5, "sequence_index": 10}
{"context_tokens": 1024, "engine_role": "candidate", "event": "paired_matrix_run_start", "output_tokens": [512, 1024], "pair_index": 6, "pair_order": ["candidate", "baseline"], "sequence_index": 11}
{"context_tokens": 1024, "engine_role": "candidate", "event": "paired_matrix_run_complete", "output_tokens": [512, 1024], "pair_index": 6, "sequence_index": 11}
{"context_tokens": 1024, "engine_role": "baseline", "event": "paired_matrix_run_start", "output_tokens": [512, 1024], "pair_index": 6, "pair_order": ["candidate", "baseline"], "sequence_index": 12}
{"context_tokens": 1024, "engine_role": "baseline", "event": "paired_matrix_run_complete", "output_tokens": [512, 1024], "pair_index": 6, "sequence_index": 12}
{"context_tokens": 2048, "engine_role": "baseline", "event": "paired_matrix_run_start", "output_tokens": [512, 1024], "pair_index": 1, "pair_order": ["baseline", "candidate"], "sequence_index": 13}
{"context_tokens": 2048, "engine_role": "baseline", "event": "paired_matrix_run_complete", "output_tokens": [512, 1024], "pair_index": 1, "sequence_index": 13}
{"context_tokens": 2048, "engine_role": "candidate", "event": "paired_matrix_run_start", "output_tokens": [512, 1024], "pair_index": 1, "pair_order": ["baseline", "candidate"], "sequence_index": 14}
{"context_tokens": 2048, "engine_role": "candidate", "event": "paired_matrix_run_complete", "output_tokens": [512, 1024], "pair_index": 1, "sequence_index": 14}
{"context_tokens": 2048, "engine_role": "candidate", "event": "paired_matrix_run_start", "output_tokens": [512, 1024], "pair_index": 2, "pair_order": ["candidate", "baseline"], "sequence_index": 15}
{"context_tokens": 2048, "engine_role": "candidate", "event": "paired_matrix_run_complete", "output_tokens": [512, 1024], "pair_index": 2, "sequence_index": 15}
{"context_tokens": 2048, "engine_role": "baseline", "event": "paired_matrix_run_start", "output_tokens": [512, 1024], "pair_index": 2, "pair_order": ["candidate", "baseline"], "sequence_index": 16}
{"context_tokens": 2048, "engine_role": "baseline", "event": "paired_matrix_run_complete", "output_tokens": [512, 1024], "pair_index": 2, "sequence_index": 16}
{"context_tokens": 2048, "engine_role": "baseline", "event": "paired_matrix_run_start", "output_tokens": [512, 1024], "pair_index": 3, "pair_order": ["baseline", "candidate"], "sequence_index": 17}
{"context_tokens": 2048, "engine_role": "baseline", "event": "paired_matrix_run_complete", "output_tokens": [512, 1024], "pair_index": 3, "sequence_index": 17}
{"context_tokens": 2048, "engine_role": "candidate", "event": "paired_matrix_run_start", "output_tokens": [512, 1024], "pair_index": 3, "pair_order": ["baseline", "candidate"], "sequence_index": 18}
{"context_tokens": 2048, "engine_role": "candidate", "event": "paired_matrix_run_complete", "output_tokens": [512, 1024], "pair_index": 3, "sequence_index": 18}
{"context_tokens": 2048, "engine_role": "candidate", "event": "paired_matrix_run_start", "output_tokens": [512, 1024], "pair_index": 4, "pair_order": ["candidate", "baseline"], "sequence_index": 19}
{"context_tokens": 2048, "engine_role": "candidate", "event": "paired_matrix_run_complete", "output_tokens": [512, 1024], "pair_index": 4, "sequence_index": 19}
{"context_tokens": 2048, "engine_role": "baseline", "event": "paired_matrix_run_start", "output_tokens": [512, 1024], "pair_index": 4, "pair_order": ["candidate", "baseline"], "sequence_index": 20}
{"context_tokens": 2048, "engine_role": "baseline", "event": "paired_matrix_run_complete", "output_tokens": [512, 1024], "pair_index": 4, "sequence_index": 20}
{"context_tokens": 2048, "engine_role": "baseline", "event": "paired_matrix_run_start", "output_tokens": [512, 1024], "pair_index": 5, "pair_order": ["baseline", "candidate"], "sequence_index": 21}
{"context_tokens": 2048, "engine_role": "baseline", "event": "paired_matrix_run_complete", "output_tokens": [512, 1024], "pair_index": 5, "sequence_index": 21}
{"context_tokens": 2048, "engine_role": "candidate", "event": "paired_matrix_run_start", "output_tokens": [512, 1024], "pair_index": 5, "pair_order": ["baseline", "candidate"], "sequence_index": 22}
{"context_tokens": 2048, "engine_role": "candidate", "event": "paired_matrix_run_complete", "output_tokens": [512, 1024], "pair_index": 5, "sequence_index": 22}
{"context_tokens": 2048, "engine_role": "candidate", "event": "paired_matrix_run_start", "output_tokens": [512, 1024], "pair_index": 6, "pair_order": ["candidate", "baseline"], "sequence_index": 23}
{"context_tokens": 2048, "engine_role": "candidate", "event": "paired_matrix_run_complete", "output_tokens": [512, 1024], "pair_index": 6, "sequence_index": 23}
{"context_tokens": 2048, "engine_role": "baseline", "event": "paired_matrix_run_start", "output_tokens": [512, 1024], "pair_index": 6, "pair_order": ["candidate", "baseline"], "sequence_index": 24}
{"context_tokens": 2048, "engine_role": "baseline", "event": "paired_matrix_run_complete", "output_tokens": [512, 1024], "pair_index": 6, "sequence_index": 24}
{"context_tokens": 4096, "engine_role": "baseline", "event": "paired_matrix_run_start", "output_tokens": [512, 1024], "pair_index": 1, "pair_order": ["baseline", "candidate"], "sequence_index": 25}
{"context_tokens": 4096, "engine_role": "baseline", "event": "paired_matrix_run_complete", "output_tokens": [512, 1024], "pair_index": 1, "sequence_index": 25}
{"context_tokens": 4096, "engine_role": "candidate", "event": "paired_matrix_run_start", "output_tokens": [512, 1024], "pair_index": 1, "pair_order": ["baseline", "candidate"], "sequence_index": 26}
{"context_tokens": 4096, "engine_role": "candidate", "event": "paired_matrix_run_complete", "output_tokens": [512, 1024], "pair_index": 1, "sequence_index": 26}
{"context_tokens": 4096, "engine_role": "candidate", "event": "paired_matrix_run_start", "output_tokens": [512, 1024], "pair_index": 2, "pair_order": ["candidate", "baseline"], "sequence_index": 27}
{"context_tokens": 4096, "engine_role": "candidate", "event": "paired_matrix_run_complete", "output_tokens": [512, 1024], "pair_index": 2, "sequence_index": 27}
{"context_tokens": 4096, "engine_role": "baseline", "event": "paired_matrix_run_start", "output_tokens": [512, 1024], "pair_index": 2, "pair_order": ["candidate", "baseline"], "sequence_index": 28}
{"context_tokens": 4096, "engine_role": "baseline", "event": "paired_matrix_run_complete", "output_tokens": [512, 1024], "pair_index": 2, "sequence_index": 28}
{"context_tokens": 4096, "engine_role": "baseline", "event": "paired_matrix_run_start", "output_tokens": [512, 1024], "pair_index": 3, "pair_order": ["baseline", "candidate"], "sequence_index": 29}
{"context_tokens": 4096, "engine_role": "baseline", "event": "paired_matrix_run_complete", "output_tokens": [512, 1024], "pair_index": 3, "sequence_index": 29}
{"context_tokens": 4096, "engine_role": "candidate", "event": "paired_matrix_run_start", "output_tokens": [512, 1024], "pair_index": 3, "pair_order": ["baseline", "candidate"], "sequence_index": 30}
{"context_tokens": 4096, "engine_role": "candidate", "event": "paired_matrix_run_complete", "output_tokens": [512, 1024], "pair_index": 3, "sequence_index": 30}
{"context_tokens": 4096, "engine_role": "candidate", "event": "paired_matrix_run_start", "output_tokens": [512, 1024], "pair_index": 4, "pair_order": ["candidate", "baseline"], "sequence_index": 31}
{"context_tokens": 4096, "engine_role": "candidate", "event": "paired_matrix_run_complete", "output_tokens": [512, 1024], "pair_index": 4, "sequence_index": 31}
{"context_tokens": 4096, "engine_role": "baseline", "event": "paired_matrix_run_start", "output_tokens": [512, 1024], "pair_index": 4, "pair_order": ["candidate", "baseline"], "sequence_index": 32}
{"context_tokens": 4096, "engine_role": "baseline", "event": "paired_matrix_run_complete", "output_tokens": [512, 1024], "pair_index": 4, "sequence_index": 32}
{"context_tokens": 4096, "engine_role": "baseline", "event": "paired_matrix_run_start", "output_tokens": [512, 1024], "pair_index": 5, "pair_order": ["baseline", "candidate"], "sequence_index": 33}
{"context_tokens": 4096, "engine_role": "baseline", "event": "paired_matrix_run_complete", "output_tokens": [512, 1024], "pair_index": 5, "sequence_index": 33}
{"context_tokens": 4096, "engine_role": "candidate", "event": "paired_matrix_run_start", "output_tokens": [512, 1024], "pair_index": 5, "pair_order": ["baseline", "candidate"], "sequence_index": 34}
{"context_tokens": 4096, "engine_role": "candidate", "event": "paired_matrix_run_complete", "output_tokens": [512, 1024], "pair_index": 5, "sequence_index": 34}
{"context_tokens": 4096, "engine_role": "candidate", "event": "paired_matrix_run_start", "output_tokens": [512, 1024], "pair_index": 6, "pair_order": ["candidate", "baseline"], "sequence_index": 35}
{"context_tokens": 4096, "engine_role": "candidate", "event": "paired_matrix_run_complete", "output_tokens": [512, 1024], "pair_index": 6, "sequence_index": 35}
{"context_tokens": 4096, "engine_role": "baseline", "event": "paired_matrix_run_start", "output_tokens": [512, 1024], "pair_index": 6, "pair_order": ["candidate", "baseline"], "sequence_index": 36}
{"context_tokens": 4096, "engine_role": "baseline", "event": "paired_matrix_run_complete", "output_tokens": [512, 1024], "pair_index": 6, "sequence_index": 36}
{"context_tokens": 8192, "engine_role": "baseline", "event": "paired_matrix_run_start", "output_tokens": [512, 1024], "pair_index": 1, "pair_order": ["baseline", "candidate"], "sequence_index": 37}
{"context_tokens": 8192, "engine_role": "baseline", "event": "paired_matrix_run_complete", "output_tokens": [512, 1024], "pair_index": 1, "sequence_index": 37}
{"context_tokens": 8192, "engine_role": "candidate", "event": "paired_matrix_run_start", "output_tokens": [512, 1024], "pair_index": 1, "pair_order": ["baseline", "candidate"], "sequence_index": 38}
{"context_tokens": 8192, "engine_role": "candidate", "event": "paired_matrix_run_complete", "output_tokens": [512, 1024], "pair_index": 1, "sequence_index": 38}
{"context_tokens": 8192, "engine_role": "candidate", "event": "paired_matrix_run_start", "output_tokens": [512, 1024], "pair_index": 2, "pair_order": ["candidate", "baseline"], "sequence_index": 39}
{"context_tokens": 8192, "engine_role": "candidate", "event": "paired_matrix_run_complete", "output_tokens": [512, 1024], "pair_index": 2, "sequence_index": 39}
{"context_tokens": 8192, "engine_role": "baseline", "event": "paired_matrix_run_start", "output_tokens": [512, 1024], "pair_index": 2, "pair_order": ["candidate", "baseline"], "sequence_index": 40}
{"context_tokens": 8192, "engine_role": "baseline", "event": "paired_matrix_run_complete", "output_tokens": [512, 1024], "pair_index": 2, "sequence_index": 40}
{"context_tokens": 8192, "engine_role": "baseline", "event": "paired_matrix_run_start", "output_tokens": [512, 1024], "pair_index": 3, "pair_order": ["baseline", "candidate"], "sequence_index": 41}
{"context_tokens": 8192, "engine_role": "baseline", "event": "paired_matrix_run_complete", "output_tokens": [512, 1024], "pair_index": 3, "sequence_index": 41}
{"context_tokens": 8192, "engine_role": "candidate", "event": "paired_matrix_run_start", "output_tokens": [512, 1024], "pair_index": 3, "pair_order": ["baseline", "candidate"], "sequence_index": 42}
{"context_tokens": 8192, "engine_role": "candidate", "event": "paired_matrix_run_complete", "output_tokens": [512, 1024], "pair_index": 3, "sequence_index": 42}
{"context_tokens": 8192, "engine_role": "candidate", "event": "paired_matrix_run_start", "output_tokens": [512, 1024], "pair_index": 4, "pair_order": ["candidate", "baseline"], "sequence_index": 43}
{"context_tokens": 8192, "engine_role": "candidate", "event": "paired_matrix_run_complete", "output_tokens": [512, 1024], "pair_index": 4, "sequence_index": 43}
{"context_tokens": 8192, "engine_role": "baseline", "event": "paired_matrix_run_start", "output_tokens": [512, 1024], "pair_index": 4, "pair_order": ["candidate", "baseline"], "sequence_index": 44}
{"context_tokens": 8192, "engine_role": "baseline", "event": "paired_matrix_run_complete", "output_tokens": [512, 1024], "pair_index": 4, "sequence_index": 44}
{"context_tokens": 8192, "engine_role": "baseline", "event": "paired_matrix_run_start", "output_tokens": [512, 1024], "pair_index": 5, "pair_order": ["baseline", "candidate"], "sequence_index": 45}
{"context_tokens": 8192, "engine_role": "baseline", "event": "paired_matrix_run_complete", "output_tokens": [512, 1024], "pair_index": 5, "sequence_index": 45}
{"context_tokens": 8192, "engine_role": "candidate", "event": "paired_matrix_run_start", "output_tokens": [512, 1024], "pair_index": 5, "pair_order": ["baseline", "candidate"], "sequence_index": 46}
{"context_tokens": 8192, "engine_role": "candidate", "event": "paired_matrix_run_complete", "output_tokens": [512, 1024], "pair_index": 5, "sequence_index": 46}
{"context_tokens": 8192, "engine_role": "candidate", "event": "paired_matrix_run_start", "output_tokens": [512, 1024], "pair_index": 6, "pair_order": ["candidate", "baseline"], "sequence_index": 47}
{"context_tokens": 8192, "engine_role": "candidate", "event": "paired_matrix_run_complete", "output_tokens": [512, 1024], "pair_index": 6, "sequence_index": 47}
{"context_tokens": 8192, "engine_role": "baseline", "event": "paired_matrix_run_start", "output_tokens": [512, 1024], "pair_index": 6, "pair_order": ["candidate", "baseline"], "sequence_index": 48}
{"context_tokens": 8192, "engine_role": "baseline", "event": "paired_matrix_run_complete", "output_tokens": [512, 1024], "pair_index": 6, "sequence_index": 48}
{"context_tokens": 16384, "engine_role": "baseline", "event": "paired_matrix_run_start", "output_tokens": [512, 1024], "pair_index": 1, "pair_order": ["baseline", "candidate"], "sequence_index": 49}
{"context_tokens": 16384, "engine_role": "baseline", "event": "paired_matrix_run_complete", "output_tokens": [512, 1024], "pair_index": 1, "sequence_index": 49}
{"context_tokens": 16384, "engine_role": "candidate", "event": "paired_matrix_run_start", "output_tokens": [512, 1024], "pair_index": 1, "pair_order": ["baseline", "candidate"], "sequence_index": 50}
{"context_tokens": 16384, "engine_role": "candidate", "event": "paired_matrix_run_complete", "output_tokens": [512, 1024], "pair_index": 1, "sequence_index": 50}
{"context_tokens": 16384, "engine_role": "candidate", "event": "paired_matrix_run_start", "output_tokens": [512, 1024], "pair_index": 2, "pair_order": ["candidate", "baseline"], "sequence_index": 51}
{"context_tokens": 16384, "engine_role": "candidate", "event": "paired_matrix_run_complete", "output_tokens": [512, 1024], "pair_index": 2, "sequence_index": 51}
{"context_tokens": 16384, "engine_role": "baseline", "event": "paired_matrix_run_start", "output_tokens": [512, 1024], "pair_index": 2, "pair_order": ["candidate", "baseline"], "sequence_index": 52}
{"context_tokens": 16384, "engine_role": "baseline", "event": "paired_matrix_run_complete", "output_tokens": [512, 1024], "pair_index": 2, "sequence_index": 52}
{"context_tokens": 16384, "engine_role": "baseline", "event": "paired_matrix_run_start", "output_tokens": [512, 1024], "pair_index": 3, "pair_order": ["baseline", "candidate"], "sequence_index": 53}
{"context_tokens": 16384, "engine_role": "baseline", "event": "paired_matrix_run_complete", "output_tokens": [512, 1024], "pair_index": 3, "sequence_index": 53}
{"context_tokens": 16384, "engine_role": "candidate", "event": "paired_matrix_run_start", "output_tokens": [512, 1024], "pair_index": 3, "pair_order": ["baseline", "candidate"], "sequence_index": 54}
{"context_tokens": 16384, "engine_role": "candidate", "event": "paired_matrix_run_complete", "output_tokens": [512, 1024], "pair_index": 3, "sequence_index": 54}
{"context_tokens": 16384, "engine_role": "candidate", "event": "paired_matrix_run_start", "output_tokens": [512, 1024], "pair_index": 4, "pair_order": ["candidate", "baseline"], "sequence_index": 55}
{"context_tokens": 16384, "engine_role": "candidate", "event": "paired_matrix_run_complete", "output_tokens": [512, 1024], "pair_index": 4, "sequence_index": 55}
{"context_tokens": 16384, "engine_role": "baseline", "event": "paired_matrix_run_start", "output_tokens": [512, 1024], "pair_index": 4, "pair_order": ["candidate", "baseline"], "sequence_index": 56}
{"context_tokens": 16384, "engine_role": "baseline", "event": "paired_matrix_run_complete", "output_tokens": [512, 1024], "pair_index": 4, "sequence_index": 56}
{"context_tokens": 16384, "engine_role": "baseline", "event": "paired_matrix_run_start", "output_tokens": [512, 1024], "pair_index": 5, "pair_order": ["baseline", "candidate"], "sequence_index": 57}
{"context_tokens": 16384, "engine_role": "baseline", "event": "paired_matrix_run_complete", "output_tokens": [512, 1024], "pair_index": 5, "sequence_index": 57}
{"context_tokens": 16384, "engine_role": "candidate", "event": "paired_matrix_run_start", "output_tokens": [512, 1024], "pair_index": 5, "pair_order": ["baseline", "candidate"], "sequence_index": 58}
{"context_tokens": 16384, "engine_role": "candidate", "event": "paired_matrix_run_complete", "output_tokens": [512, 1024], "pair_index": 5, "sequence_index": 58}
{"context_tokens": 16384, "engine_role": "candidate", "event": "paired_matrix_run_start", "output_tokens": [512, 1024], "pair_index": 6, "pair_order": ["candidate", "baseline"], "sequence_index": 59}
{"context_tokens": 16384, "engine_role": "candidate", "event": "paired_matrix_run_complete", "output_tokens": [512, 1024], "pair_index": 6, "sequence_index": 59}
{"context_tokens": 16384, "engine_role": "baseline", "event": "paired_matrix_run_start", "output_tokens": [512, 1024], "pair_index": 6, "pair_order": ["candidate", "baseline"], "sequence_index": 60}
{"context_tokens": 16384, "engine_role": "baseline", "event": "paired_matrix_run_complete", "output_tokens": [512, 1024], "pair_index": 6, "sequence_index": 60}
{"context_tokens": 32768, "engine_role": "baseline", "event": "paired_matrix_run_start", "output_tokens": [512, 1024], "pair_index": 1, "pair_order": ["baseline", "candidate"], "sequence_index": 61}
{"context_tokens": 32768, "engine_role": "baseline", "event": "paired_matrix_run_complete", "output_tokens": [512, 1024], "pair_index": 1, "sequence_index": 61}
{"context_tokens": 32768, "engine_role": "candidate", "event": "paired_matrix_run_start", "output_tokens": [512, 1024], "pair_index": 1, "pair_order": ["baseline", "candidate"], "sequence_index": 62}
{"context_tokens": 32768, "engine_role": "candidate", "event": "paired_matrix_run_complete", "output_tokens": [512, 1024], "pair_index": 1, "sequence_index": 62}
{"context_tokens": 32768, "engine_role": "candidate", "event": "paired_matrix_run_start", "output_tokens": [512, 1024], "pair_index": 2, "pair_order": ["candidate", "baseline"], "sequence_index": 63}
{"context_tokens": 32768, "engine_role": "candidate", "event": "paired_matrix_run_complete", "output_tokens": [512, 1024], "pair_index": 2, "sequence_index": 63}
{"context_tokens": 32768, "engine_role": "baseline", "event": "paired_matrix_run_start", "output_tokens": [512, 1024], "pair_index": 2, "pair_order": ["candidate", "baseline"], "sequence_index": 64}
{"context_tokens": 32768, "engine_role": "baseline", "event": "paired_matrix_run_complete", "output_tokens": [512, 1024], "pair_index": 2, "sequence_index": 64}
{"context_tokens": 32768, "engine_role": "baseline", "event": "paired_matrix_run_start", "output_tokens": [512, 1024], "pair_index": 3, "pair_order": ["baseline", "candidate"], "sequence_index": 65}
{"context_tokens": 32768, "engine_role": "baseline", "event": "paired_matrix_run_complete", "output_tokens": [512, 1024], "pair_index": 3, "sequence_index": 65}
{"context_tokens": 32768, "engine_role": "candidate", "event": "paired_matrix_run_start", "output_tokens": [512, 1024], "pair_index": 3, "pair_order": ["baseline", "candidate"], "sequence_index": 66}
{"context_tokens": 32768, "engine_role": "candidate", "event": "paired_matrix_run_complete", "output_tokens": [512, 1024], "pair_index": 3, "sequence_index": 66}
{"context_tokens": 32768, "engine_role": "candidate", "event": "paired_matrix_run_start", "output_tokens": [512, 1024], "pair_index": 4, "pair_order": ["candidate", "baseline"], "sequence_index": 67}
{"context_tokens": 32768, "engine_role": "candidate", "event": "paired_matrix_run_complete", "output_tokens": [512, 1024], "pair_index": 4, "sequence_index": 67}
{"context_tokens": 32768, "engine_role": "baseline", "event": "paired_matrix_run_start", "output_tokens": [512, 1024], "pair_index": 4, "pair_order": ["candidate", "baseline"], "sequence_index": 68}
{"context_tokens": 32768, "engine_role": "baseline", "event": "paired_matrix_run_complete", "output_tokens": [512, 1024], "pair_index": 4, "sequence_index": 68}
{"context_tokens": 32768, "engine_role": "baseline", "event": "paired_matrix_run_start", "output_tokens": [512, 1024], "pair_index": 5, "pair_order": ["baseline", "candidate"], "sequence_index": 69}
{"context_tokens": 32768, "engine_role": "baseline", "event": "paired_matrix_run_complete", "output_tokens": [512, 1024], "pair_index": 5, "sequence_index": 69}
{"context_tokens": 32768, "engine_role": "candidate", "event": "paired_matrix_run_start", "output_tokens": [512, 1024], "pair_index": 5, "pair_order": ["baseline", "candidate"], "sequence_index": 70}
{"context_tokens": 32768, "engine_role": "candidate", "event": "paired_matrix_run_complete", "output_tokens": [512, 1024], "pair_index": 5, "sequence_index": 70}
{"context_tokens": 32768, "engine_role": "candidate", "event": "paired_matrix_run_start", "output_tokens": [512, 1024], "pair_index": 6, "pair_order": ["candidate", "baseline"], "sequence_index": 71}
{"context_tokens": 32768, "engine_role": "candidate", "event": "paired_matrix_run_complete", "output_tokens": [512, 1024], "pair_index": 6, "sequence_index": 71}
{"context_tokens": 32768, "engine_role": "baseline", "event": "paired_matrix_run_start", "output_tokens": [512, 1024], "pair_index": 6, "pair_order": ["candidate", "baseline"], "sequence_index": 72}
{"context_tokens": 32768, "engine_role": "baseline", "event": "paired_matrix_run_complete", "output_tokens": [512, 1024], "pair_index": 6, "sequence_index": 72}
{"context_tokens": 65536, "engine_role": "baseline", "event": "paired_matrix_run_start", "output_tokens": [512, 1024], "pair_index": 1, "pair_order": ["baseline", "candidate"], "sequence_index": 73}
{"context_tokens": 65536, "engine_role": "baseline", "event": "paired_matrix_run_complete", "output_tokens": [512, 1024], "pair_index": 1, "sequence_index": 73}
{"context_tokens": 65536, "engine_role": "candidate", "event": "paired_matrix_run_start", "output_tokens": [512, 1024], "pair_index": 1, "pair_order": ["baseline", "candidate"], "sequence_index": 74}
{"context_tokens": 65536, "engine_role": "candidate", "event": "paired_matrix_run_complete", "output_tokens": [512, 1024], "pair_index": 1, "sequence_index": 74}
{"context_tokens": 65536, "engine_role": "candidate", "event": "paired_matrix_run_start", "output_tokens": [512, 1024], "pair_index": 2, "pair_order": ["candidate", "baseline"], "sequence_index": 75}
{"context_tokens": 65536, "engine_role": "candidate", "event": "paired_matrix_run_complete", "output_tokens": [512, 1024], "pair_index": 2, "sequence_index": 75}
{"context_tokens": 65536, "engine_role": "baseline", "event": "paired_matrix_run_start", "output_tokens": [512, 1024], "pair_index": 2, "pair_order": ["candidate", "baseline"], "sequence_index": 76}
{"context_tokens": 65536, "engine_role": "baseline", "event": "paired_matrix_run_complete", "output_tokens": [512, 1024], "pair_index": 2, "sequence_index": 76}
{"context_tokens": 65536, "engine_role": "baseline", "event": "paired_matrix_run_start", "output_tokens": [512, 1024], "pair_index": 3, "pair_order": ["baseline", "candidate"], "sequence_index": 77}
{"context_tokens": 65536, "engine_role": "baseline", "event": "paired_matrix_run_complete", "output_tokens": [512, 1024], "pair_index": 3, "sequence_index": 77}
{"context_tokens": 65536, "engine_role": "candidate", "event": "paired_matrix_run_start", "output_tokens": [512, 1024], "pair_index": 3, "pair_order": ["baseline", "candidate"], "sequence_index": 78}
{"context_tokens": 65536, "engine_role": "candidate", "event": "paired_matrix_run_complete", "output_tokens": [512, 1024], "pair_index": 3, "sequence_index": 78}
{"context_tokens": 65536, "engine_role": "candidate", "event": "paired_matrix_run_start", "output_tokens": [512, 1024], "pair_index": 4, "pair_order": ["candidate", "baseline"], "sequence_index": 79}
{"context_tokens": 65536, "engine_role": "candidate", "event": "paired_matrix_run_complete", "output_tokens": [512, 1024], "pair_index": 4, "sequence_index": 79}
{"context_tokens": 65536, "engine_role": "baseline", "event": "paired_matrix_run_start", "output_tokens": [512, 1024], "pair_index": 4, "pair_order": ["candidate", "baseline"], "sequence_index": 80}
{"context_tokens": 65536, "engine_role": "baseline", "event": "paired_matrix_run_complete", "output_tokens": [512, 1024], "pair_index": 4, "sequence_index": 80}
{"context_tokens": 65536, "engine_role": "baseline", "event": "paired_matrix_run_start", "output_tokens": [512, 1024], "pair_index": 5, "pair_order": ["baseline", "candidate"], "sequence_index": 81}
{"context_tokens": 65536, "engine_role": "baseline", "event": "paired_matrix_run_complete", "output_tokens": [512, 1024], "pair_index": 5, "sequence_index": 81}
{"context_tokens": 65536, "engine_role": "candidate", "event": "paired_matrix_run_start", "output_tokens": [512, 1024], "pair_index": 5, "pair_order": ["baseline", "candidate"], "sequence_index": 82}
{"context_tokens": 65536, "engine_role": "candidate", "event": "paired_matrix_run_complete", "output_tokens": [512, 1024], "pair_index": 5, "sequence_index": 82}
{"context_tokens": 65536, "engine_role": "candidate", "event": "paired_matrix_run_start", "output_tokens": [512, 1024], "pair_index": 6, "pair_order": ["candidate", "baseline"], "sequence_index": 83}
{"context_tokens": 65536, "engine_role": "candidate", "event": "paired_matrix_run_complete", "output_tokens": [512, 1024], "pair_index": 6, "sequence_index": 83}
{"context_tokens": 65536, "engine_role": "baseline", "event": "paired_matrix_run_start", "output_tokens": [512, 1024], "pair_index": 6, "pair_order": ["candidate", "baseline"], "sequence_index": 84}
{"context_tokens": 65536, "engine_role": "baseline", "event": "paired_matrix_run_complete", "output_tokens": [512, 1024], "pair_index": 6, "sequence_index": 84}
{"context_tokens": 131072, "engine_role": "baseline", "event": "paired_matrix_run_start", "output_tokens": [512, 1024], "pair_index": 1, "pair_order": ["baseline", "candidate"], "sequence_index": 85}
{"context_tokens": 131072, "engine_role": "baseline", "event": "paired_matrix_run_complete", "output_tokens": [512, 1024], "pair_index": 1, "sequence_index": 85}
{"context_tokens": 131072, "engine_role": "candidate", "event": "paired_matrix_run_start", "output_tokens": [512, 1024], "pair_index": 1, "pair_order": ["baseline", "candidate"], "sequence_index": 86}
{"context_tokens": 131072, "engine_role": "candidate", "event": "paired_matrix_run_complete", "output_tokens": [512, 1024], "pair_index": 1, "sequence_index": 86}
{"context_tokens": 131072, "engine_role": "candidate", "event": "paired_matrix_run_start", "output_tokens": [512, 1024], "pair_index": 2, "pair_order": ["candidate", "baseline"], "sequence_index": 87}
{"context_tokens": 131072, "engine_role": "candidate", "event": "paired_matrix_run_complete", "output_tokens": [512, 1024], "pair_index": 2, "sequence_index": 87}
{"context_tokens": 131072, "engine_role": "baseline", "event": "paired_matrix_run_start", "output_tokens": [512, 1024], "pair_index": 2, "pair_order": ["candidate", "baseline"], "sequence_index": 88}
{"context_tokens": 131072, "engine_role": "baseline", "event": "paired_matrix_run_complete", "output_tokens": [512, 1024], "pair_index": 2, "sequence_index": 88}
{"context_tokens": 131072, "engine_role": "baseline", "event": "paired_matrix_run_start", "output_tokens": [512, 1024], "pair_index": 3, "pair_order": ["baseline", "candidate"], "sequence_index": 89}
{"context_tokens": 131072, "engine_role": "baseline", "event": "paired_matrix_run_complete", "output_tokens": [512, 1024], "pair_index": 3, "sequence_index": 89}
{"context_tokens": 131072, "engine_role": "candidate", "event": "paired_matrix_run_start", "output_tokens": [512, 1024], "pair_index": 3, "pair_order": ["baseline", "candidate"], "sequence_index": 90}
{"context_tokens": 131072, "engine_role": "candidate", "event": "paired_matrix_run_complete", "output_tokens": [512, 1024], "pair_index": 3, "sequence_index": 90}
{"context_tokens": 131072, "engine_role": "candidate", "event": "paired_matrix_run_start", "output_tokens": [512, 1024], "pair_index": 4, "pair_order": ["candidate", "baseline"], "sequence_index": 91}
{"context_tokens": 131072, "engine_role": "candidate", "event": "paired_matrix_run_complete", "output_tokens": [512, 1024], "pair_index": 4, "sequence_index": 91}
{"context_tokens": 131072, "engine_role": "baseline", "event": "paired_matrix_run_start", "output_tokens": [512, 1024], "pair_index": 4, "pair_order": ["candidate", "baseline"], "sequence_index": 92}
{"context_tokens": 131072, "engine_role": "baseline", "event": "paired_matrix_run_complete", "output_tokens": [512, 1024], "pair_index": 4, "sequence_index": 92}
{"context_tokens": 131072, "engine_role": "baseline", "event": "paired_matrix_run_start", "output_tokens": [512, 1024], "pair_index": 5, "pair_order": ["baseline", "candidate"], "sequence_index": 93}
{"context_tokens": 131072, "engine_role": "baseline", "event": "paired_matrix_run_complete", "output_tokens": [512, 1024], "pair_index": 5, "sequence_index": 93}
{"context_tokens": 131072, "engine_role": "candidate", "event": "paired_matrix_run_start", "output_tokens": [512, 1024], "pair_index": 5, "pair_order": ["baseline", "candidate"], "sequence_index": 94}
{"context_tokens": 131072, "engine_role": "candidate", "event": "paired_matrix_run_complete", "output_tokens": [512, 1024], "pair_index": 5, "sequence_index": 94}
{"context_tokens": 131072, "engine_role": "candidate", "event": "paired_matrix_run_start", "output_tokens": [512, 1024], "pair_index": 6, "pair_order": ["candidate", "baseline"], "sequence_index": 95}
{"context_tokens": 131072, "engine_role": "candidate", "event": "paired_matrix_run_complete", "output_tokens": [512, 1024], "pair_index": 6, "sequence_index": 95}
{"context_tokens": 131072, "engine_role": "baseline", "event": "paired_matrix_run_start", "output_tokens": [512, 1024], "pair_index": 6, "pair_order": ["candidate", "baseline"], "sequence_index": 96}
{"context_tokens": 131072, "engine_role": "baseline", "event": "paired_matrix_run_complete", "output_tokens": [512, 1024], "pair_index": 6, "sequence_index": 96}
{"context_tokens": 262143, "engine_role": "baseline", "event": "paired_matrix_run_start", "output_tokens": [1], "pair_index": 1, "pair_order": ["baseline", "candidate"], "sequence_index": 97}
{"context_tokens": 262143, "engine_role": "baseline", "event": "paired_matrix_run_complete", "output_tokens": [1], "pair_index": 1, "sequence_index": 97}
{"context_tokens": 262143, "engine_role": "candidate", "event": "paired_matrix_run_start", "output_tokens": [1], "pair_index": 1, "pair_order": ["baseline", "candidate"], "sequence_index": 98}
{"context_tokens": 262143, "engine_role": "candidate", "event": "paired_matrix_run_complete", "output_tokens": [1], "pair_index": 1, "sequence_index": 98}
{"context_tokens": 262143, "engine_role": "candidate", "event": "paired_matrix_run_start", "output_tokens": [1], "pair_index": 2, "pair_order": ["candidate", "baseline"], "sequence_index": 99}
{"context_tokens": 262143, "engine_role": "candidate", "event": "paired_matrix_run_complete", "output_tokens": [1], "pair_index": 2, "sequence_index": 99}
{"context_tokens": 262143, "engine_role": "baseline", "event": "paired_matrix_run_start", "output_tokens": [1], "pair_index": 2, "pair_order": ["candidate", "baseline"], "sequence_index": 100}
{"context_tokens": 262143, "engine_role": "baseline", "event": "paired_matrix_run_complete", "output_tokens": [1], "pair_index": 2, "sequence_index": 100}
{"context_tokens": 262143, "engine_role": "baseline", "event": "paired_matrix_run_start", "output_tokens": [1], "pair_index": 3, "pair_order": ["baseline", "candidate"], "sequence_index": 101}
{"context_tokens": 262143, "engine_role": "baseline", "event": "paired_matrix_run_complete", "output_tokens": [1], "pair_index": 3, "sequence_index": 101}
{"context_tokens": 262143, "engine_role": "candidate", "event": "paired_matrix_run_start", "output_tokens": [1], "pair_index": 3, "pair_order": ["baseline", "candidate"], "sequence_index": 102}
{"context_tokens": 262143, "engine_role": "candidate", "event": "paired_matrix_run_complete", "output_tokens": [1], "pair_index": 3, "sequence_index": 102}
{"context_tokens": 262143, "engine_role": "candidate", "event": "paired_matrix_run_start", "output_tokens": [1], "pair_index": 4, "pair_order": ["candidate", "baseline"], "sequence_index": 103}
{"context_tokens": 262143, "engine_role": "candidate", "event": "paired_matrix_run_complete", "output_tokens": [1], "pair_index": 4, "sequence_index": 103}
{"context_tokens": 262143, "engine_role": "baseline", "event": "paired_matrix_run_start", "output_tokens": [1], "pair_index": 4, "pair_order": ["candidate", "baseline"], "sequence_index": 104}
{"context_tokens": 262143, "engine_role": "baseline", "event": "paired_matrix_run_complete", "output_tokens": [1], "pair_index": 4, "sequence_index": 104}
{"context_tokens": 262143, "engine_role": "baseline", "event": "paired_matrix_run_start", "output_tokens": [1], "pair_index": 5, "pair_order": ["baseline", "candidate"], "sequence_index": 105}
{"context_tokens": 262143, "engine_role": "baseline", "event": "paired_matrix_run_complete", "output_tokens": [1], "pair_index": 5, "sequence_index": 105}
{"context_tokens": 262143, "engine_role": "candidate", "event": "paired_matrix_run_start", "output_tokens": [1], "pair_index": 5, "pair_order": ["baseline", "candidate"], "sequence_index": 106}
{"context_tokens": 262143, "engine_role": "candidate", "event": "paired_matrix_run_complete", "output_tokens": [1], "pair_index": 5, "sequence_index": 106}
{"context_tokens": 262143, "engine_role": "candidate", "event": "paired_matrix_run_start", "output_tokens": [1], "pair_index": 6, "pair_order": ["candidate", "baseline"], "sequence_index": 107}
{"context_tokens": 262143, "engine_role": "candidate", "event": "paired_matrix_run_complete", "output_tokens": [1], "pair_index": 6, "sequence_index": 107}
{"context_tokens": 262143, "engine_role": "baseline", "event": "paired_matrix_run_start", "output_tokens": [1], "pair_index": 6, "pair_order": ["candidate", "baseline"], "sequence_index": 108}
{"context_tokens": 262143, "engine_role": "baseline", "event": "paired_matrix_run_complete", "output_tokens": [1], "pair_index": 6, "sequence_index": 108}
{"context_tokens": 262143, "engine_role": "baseline", "event": "paired_matrix_run_start", "output_tokens": [1], "pair_index": 7, "pair_order": ["baseline", "candidate"], "sequence_index": 109}
{"context_tokens": 262143, "engine_role": "baseline", "event": "paired_matrix_run_complete", "output_tokens": [1], "pair_index": 7, "sequence_index": 109}
{"context_tokens": 262143, "engine_role": "candidate", "event": "paired_matrix_run_start", "output_tokens": [1], "pair_index": 7, "pair_order": ["baseline", "candidate"], "sequence_index": 110}
{"context_tokens": 262143, "engine_role": "candidate", "event": "paired_matrix_run_complete", "output_tokens": [1], "pair_index": 7, "sequence_index": 110}
{"context_tokens": 262143, "engine_role": "candidate", "event": "paired_matrix_run_start", "output_tokens": [1], "pair_index": 8, "pair_order": ["candidate", "baseline"], "sequence_index": 111}
{"context_tokens": 262143, "engine_role": "candidate", "event": "paired_matrix_run_complete", "output_tokens": [1], "pair_index": 8, "sequence_index": 111}
{"context_tokens": 262143, "engine_role": "baseline", "event": "paired_matrix_run_start", "output_tokens": [1], "pair_index": 8, "pair_order": ["candidate", "baseline"], "sequence_index": 112}
{"context_tokens": 262143, "engine_role": "baseline", "event": "paired_matrix_run_complete", "output_tokens": [1], "pair_index": 8, "sequence_index": 112}
{"context_tokens": 262143, "engine_role": "baseline", "event": "paired_matrix_run_start", "output_tokens": [1], "pair_index": 9, "pair_order": ["baseline", "candidate"], "sequence_index": 113}
{"context_tokens": 262143, "engine_role": "baseline", "event": "paired_matrix_run_complete", "output_tokens": [1], "pair_index": 9, "sequence_index": 113}
{"context_tokens": 262143, "engine_role": "candidate", "event": "paired_matrix_run_start", "output_tokens": [1], "pair_index": 9, "pair_order": ["baseline", "candidate"], "sequence_index": 114}
{"context_tokens": 262143, "engine_role": "candidate", "event": "paired_matrix_run_complete", "output_tokens": [1], "pair_index": 9, "sequence_index": 114}
{"context_tokens": 262143, "engine_role": "candidate", "event": "paired_matrix_run_start", "output_tokens": [1], "pair_index": 10, "pair_order": ["candidate", "baseline"], "sequence_index": 115}
{"context_tokens": 262143, "engine_role": "candidate", "event": "paired_matrix_run_complete", "output_tokens": [1], "pair_index": 10, "sequence_index": 115}
{"context_tokens": 262143, "engine_role": "baseline", "event": "paired_matrix_run_start", "output_tokens": [1], "pair_index": 10, "pair_order": ["candidate", "baseline"], "sequence_index": 116}
{"context_tokens": 262143, "engine_role": "baseline", "event": "paired_matrix_run_complete", "output_tokens": [1], "pair_index": 10, "sequence_index": 116}
{"context_tokens": 262143, "engine_role": "baseline", "event": "paired_matrix_run_start", "output_tokens": [1], "pair_index": 11, "pair_order": ["baseline", "candidate"], "sequence_index": 117}
{"context_tokens": 262143, "engine_role": "baseline", "event": "paired_matrix_run_complete", "output_tokens": [1], "pair_index": 11, "sequence_index": 117}
{"context_tokens": 262143, "engine_role": "candidate", "event": "paired_matrix_run_start", "output_tokens": [1], "pair_index": 11, "pair_order": ["baseline", "candidate"], "sequence_index": 118}
{"context_tokens": 262143, "engine_role": "candidate", "event": "paired_matrix_run_complete", "output_tokens": [1], "pair_index": 11, "sequence_index": 118}
{"context_tokens": 262143, "engine_role": "candidate", "event": "paired_matrix_run_start", "output_tokens": [1], "pair_index": 12, "pair_order": ["candidate", "baseline"], "sequence_index": 119}
{"context_tokens": 262143, "engine_role": "candidate", "event": "paired_matrix_run_complete", "output_tokens": [1], "pair_index": 12, "sequence_index": 119}
{"context_tokens": 262143, "engine_role": "baseline", "event": "paired_matrix_run_start", "output_tokens": [1], "pair_index": 12, "pair_order": ["candidate", "baseline"], "sequence_index": 120}
{"context_tokens": 262143, "engine_role": "baseline", "event": "paired_matrix_run_complete", "output_tokens": [1], "pair_index": 12, "sequence_index": 120}
{"context_tokens": 261632, "engine_role": "baseline", "event": "paired_matrix_run_start", "output_tokens": [512], "pair_index": 1, "pair_order": ["baseline", "candidate"], "sequence_index": 121}
{"context_tokens": 261632, "engine_role": "baseline", "event": "paired_matrix_run_complete", "output_tokens": [512], "pair_index": 1, "sequence_index": 121}
{"context_tokens": 261632, "engine_role": "candidate", "event": "paired_matrix_run_start", "output_tokens": [512], "pair_index": 1, "pair_order": ["baseline", "candidate"], "sequence_index": 122}
{"context_tokens": 261632, "engine_role": "candidate", "event": "paired_matrix_run_complete", "output_tokens": [512], "pair_index": 1, "sequence_index": 122}
{"context_tokens": 261632, "engine_role": "candidate", "event": "paired_matrix_run_start", "output_tokens": [512], "pair_index": 2, "pair_order": ["candidate", "baseline"], "sequence_index": 123}
{"context_tokens": 261632, "engine_role": "candidate", "event": "paired_matrix_run_complete", "output_tokens": [512], "pair_index": 2, "sequence_index": 123}
{"context_tokens": 261632, "engine_role": "baseline", "event": "paired_matrix_run_start", "output_tokens": [512], "pair_index": 2, "pair_order": ["candidate", "baseline"], "sequence_index": 124}
{"context_tokens": 261632, "engine_role": "baseline", "event": "paired_matrix_run_complete", "output_tokens": [512], "pair_index": 2, "sequence_index": 124}
{"context_tokens": 261632, "engine_role": "baseline", "event": "paired_matrix_run_start", "output_tokens": [512], "pair_index": 3, "pair_order": ["baseline", "candidate"], "sequence_index": 125}
{"context_tokens": 261632, "engine_role": "baseline", "event": "paired_matrix_run_complete", "output_tokens": [512], "pair_index": 3, "sequence_index": 125}
{"context_tokens": 261632, "engine_role": "candidate", "event": "paired_matrix_run_start", "output_tokens": [512], "pair_index": 3, "pair_order": ["baseline", "candidate"], "sequence_index": 126}
{"context_tokens": 261632, "engine_role": "candidate", "event": "paired_matrix_run_complete", "output_tokens": [512], "pair_index": 3, "sequence_index": 126}
{"context_tokens": 261632, "engine_role": "candidate", "event": "paired_matrix_run_start", "output_tokens": [512], "pair_index": 4, "pair_order": ["candidate", "baseline"], "sequence_index": 127}
{"context_tokens": 261632, "engine_role": "candidate", "event": "paired_matrix_run_complete", "output_tokens": [512], "pair_index": 4, "sequence_index": 127}
{"context_tokens": 261632, "engine_role": "baseline", "event": "paired_matrix_run_start", "output_tokens": [512], "pair_index": 4, "pair_order": ["candidate", "baseline"], "sequence_index": 128}
{"context_tokens": 261632, "engine_role": "baseline", "event": "paired_matrix_run_complete", "output_tokens": [512], "pair_index": 4, "sequence_index": 128}
{"context_tokens": 261632, "engine_role": "baseline", "event": "paired_matrix_run_start", "output_tokens": [512], "pair_index": 5, "pair_order": ["baseline", "candidate"], "sequence_index": 129}
{"context_tokens": 261632, "engine_role": "baseline", "event": "paired_matrix_run_complete", "output_tokens": [512], "pair_index": 5, "sequence_index": 129}
{"context_tokens": 261632, "engine_role": "candidate", "event": "paired_matrix_run_start", "output_tokens": [512], "pair_index": 5, "pair_order": ["baseline", "candidate"], "sequence_index": 130}
{"context_tokens": 261632, "engine_role": "candidate", "event": "paired_matrix_run_complete", "output_tokens": [512], "pair_index": 5, "sequence_index": 130}
{"context_tokens": 261632, "engine_role": "candidate", "event": "paired_matrix_run_start", "output_tokens": [512], "pair_index": 6, "pair_order": ["candidate", "baseline"], "sequence_index": 131}
{"context_tokens": 261632, "engine_role": "candidate", "event": "paired_matrix_run_complete", "output_tokens": [512], "pair_index": 6, "sequence_index": 131}
{"context_tokens": 261632, "engine_role": "baseline", "event": "paired_matrix_run_start", "output_tokens": [512], "pair_index": 6, "pair_order": ["candidate", "baseline"], "sequence_index": 132}
{"context_tokens": 261632, "engine_role": "baseline", "event": "paired_matrix_run_complete", "output_tokens": [512], "pair_index": 6, "sequence_index": 132}
{"context_tokens": 261120, "engine_role": "baseline", "event": "paired_matrix_run_start", "output_tokens": [1024], "pair_index": 1, "pair_order": ["baseline", "candidate"], "sequence_index": 133}
{"context_tokens": 261120, "engine_role": "baseline", "event": "paired_matrix_run_complete", "output_tokens": [1024], "pair_index": 1, "sequence_index": 133}
{"context_tokens": 261120, "engine_role": "candidate", "event": "paired_matrix_run_start", "output_tokens": [1024], "pair_index": 1, "pair_order": ["baseline", "candidate"], "sequence_index": 134}
{"context_tokens": 261120, "engine_role": "candidate", "event": "paired_matrix_run_complete", "output_tokens": [1024], "pair_index": 1, "sequence_index": 134}
{"context_tokens": 261120, "engine_role": "candidate", "event": "paired_matrix_run_start", "output_tokens": [1024], "pair_index": 2, "pair_order": ["candidate", "baseline"], "sequence_index": 135}
{"context_tokens": 261120, "engine_role": "candidate", "event": "paired_matrix_run_complete", "output_tokens": [1024], "pair_index": 2, "sequence_index": 135}
{"context_tokens": 261120, "engine_role": "baseline", "event": "paired_matrix_run_start", "output_tokens": [1024], "pair_index": 2, "pair_order": ["candidate", "baseline"], "sequence_index": 136}
{"context_tokens": 261120, "engine_role": "baseline", "event": "paired_matrix_run_complete", "output_tokens": [1024], "pair_index": 2, "sequence_index": 136}
{"context_tokens": 261120, "engine_role": "baseline", "event": "paired_matrix_run_start", "output_tokens": [1024], "pair_index": 3, "pair_order": ["baseline", "candidate"], "sequence_index": 137}
{"context_tokens": 261120, "engine_role": "baseline", "event": "paired_matrix_run_complete", "output_tokens": [1024], "pair_index": 3, "sequence_index": 137}
{"context_tokens": 261120, "engine_role": "candidate", "event": "paired_matrix_run_start", "output_tokens": [1024], "pair_index": 3, "pair_order": ["baseline", "candidate"], "sequence_index": 138}
{"context_tokens": 261120, "engine_role": "candidate", "event": "paired_matrix_run_complete", "output_tokens": [1024], "pair_index": 3, "sequence_index": 138}
{"context_tokens": 261120, "engine_role": "candidate", "event": "paired_matrix_run_start", "output_tokens": [1024], "pair_index": 4, "pair_order": ["candidate", "baseline"], "sequence_index": 139}
{"context_tokens": 261120, "engine_role": "candidate", "event": "paired_matrix_run_complete", "output_tokens": [1024], "pair_index": 4, "sequence_index": 139}
{"context_tokens": 261120, "engine_role": "baseline", "event": "paired_matrix_run_start", "output_tokens": [1024], "pair_index": 4, "pair_order": ["candidate", "baseline"], "sequence_index": 140}
{"context_tokens": 261120, "engine_role": "baseline", "event": "paired_matrix_run_complete", "output_tokens": [1024], "pair_index": 4, "sequence_index": 140}
{"context_tokens": 261120, "engine_role": "baseline", "event": "paired_matrix_run_start", "output_tokens": [1024], "pair_index": 5, "pair_order": ["baseline", "candidate"], "sequence_index": 141}
{"context_tokens": 261120, "engine_role": "baseline", "event": "paired_matrix_run_complete", "output_tokens": [1024], "pair_index": 5, "sequence_index": 141}
{"context_tokens": 261120, "engine_role": "candidate", "event": "paired_matrix_run_start", "output_tokens": [1024], "pair_index": 5, "pair_order": ["baseline", "candidate"], "sequence_index": 142}
{"context_tokens": 261120, "engine_role": "candidate", "event": "paired_matrix_run_complete", "output_tokens": [1024], "pair_index": 5, "sequence_index": 142}
{"context_tokens": 261120, "engine_role": "candidate", "event": "paired_matrix_run_start", "output_tokens": [1024], "pair_index": 6, "pair_order": ["candidate", "baseline"], "sequence_index": 143}
{"context_tokens": 261120, "engine_role": "candidate", "event": "paired_matrix_run_complete", "output_tokens": [1024], "pair_index": 6, "sequence_index": 143}
{"context_tokens": 261120, "engine_role": "baseline", "event": "paired_matrix_run_start", "output_tokens": [1024], "pair_index": 6, "pair_order": ["candidate", "baseline"], "sequence_index": 144}
{"context_tokens": 261120, "engine_role": "baseline", "event": "paired_matrix_run_complete", "output_tokens": [1024], "pair_index": 6, "sequence_index": 144}
{"cell_count": 19, "complete": true, "maximum_pair_count": 12, "minimum_pair_count": 6, "output": "${AIMA_QUALIFICATION_DIR}/matrix.json", "qualified": true}
